             VMA              LMA     Size Align Out     In      Symbol
               0                0  1000000     1 . = 0x0000000001000000
         1000000          1000000     3170     4 .text
         1000000          1000000       18     4         /home/ryoj/gitrepos/zoeax/target/riscv64gc-unknown-none-elf/debug/deps/simple-274dc94a78603199.e1igcivmd6pagj7swllpfmg6m.0viurow.rcgu.o:(.text.start)
         1000000          1000000        0     1                 .Lpcrel_hi0
         1000000          1000000        0     1                 $x
         1000000          1000000       18     1                 start
         1000018          1000018       16     2         /home/ryoj/gitrepos/zoeax/target/riscv64gc-unknown-none-elf/debug/deps/simple-274dc94a78603199.17zvdhuhiqu8dw5lu8ta0mrtn.0viurow.rcgu.o:(.text._RNvMs2_NtCskNqGbxqCcyC_4core3fmtNtB5_9Arguments17from_str_nonconstCsj6DOkPbar72_6simple)
         1000018          1000018        0     1                 .L0 
         1000018          1000018        0     1                 .L0 
         1000018          1000018        0     1                 $x
         1000018          1000018        0     1                 .L0 
         1000018          1000018       16     1                 <core::fmt::Arguments>::from_str_nonconst
         100002e          100002e        0     1                 .L0 
         100002e          100002e        e     2         /home/ryoj/gitrepos/zoeax/target/riscv64gc-unknown-none-elf/debug/deps/simple-274dc94a78603199.17zvdhuhiqu8dw5lu8ta0mrtn.0viurow.rcgu.o:(.text._RNvMs4_NtCskNqGbxqCcyC_4core3fmtNtB5_9Arguments8from_strCsj6DOkPbar72_6simple)
         100002e          100002e        e     1                 <core::fmt::Arguments>::from_str
         100002e          100002e        0     1                 .L0 
         100002e          100002e        0     1                 .L0 
         100002e          100002e        0     1                 $x
         100002e          100002e        0     1                 .L0 
         100003c          100003c        0     1                 .L0 
         100003c          100003c       16     2         /home/ryoj/gitrepos/zoeax/target/riscv64gc-unknown-none-elf/debug/deps/simple-274dc94a78603199.17zvdhuhiqu8dw5lu8ta0mrtn.0viurow.rcgu.o:(.text._RNvXsf_NtCskNqGbxqCcyC_4core3fmtbNtB5_5Debug3fmtCsj6DOkPbar72_6simple)
         100003c          100003c        0     1                 .L0 
         100003c          100003c        0     1                 .L0 
         100003c          100003c        0     1                 $x
         100003c          100003c        0     1                 .L0 
         100003c          100003c       16     1                 <bool as core::fmt::Debug>::fmt
         1000052          1000052        0     1                 .L0 
         1000052          1000052       96     2         /home/ryoj/gitrepos/zoeax/target/riscv64gc-unknown-none-elf/debug/deps/simple-274dc94a78603199.35gdd3fmqvbs3dukumylva0gd.0viurow.rcgu.o:(.text._RNvXs3_NtNtCskNqGbxqCcyC_4core5panic10panic_infoNtB5_9PanicInfoNtNtB9_3fmt5Debug3fmtCsj6DOkPbar72_6simple)
         1000052          1000052        0     1                 .L0 
         1000052          1000052        0     1                 .L0 
         1000052          1000052        0     1                 $x
         1000052          1000052        0     1                 .L0 
         1000052          1000052       96     1                 <core::panic::panic_info::PanicInfo as core::fmt::Debug>::fmt
         100006e          100006e        0     1                 .Lpcrel_hi0
         1000082          1000082        0     1                 .Lpcrel_hi1
         100008c          100008c        0     1                 .Lpcrel_hi2
         100009c          100009c        0     1                 .Lpcrel_hi3
         10000a6          10000a6        0     1                 .Lpcrel_hi4
         10000b6          10000b6        0     1                 .Lpcrel_hi5
         10000be          10000be        0     1                 .Lpcrel_hi6
         10000c6          10000c6        0     1                 .Lpcrel_hi7
         10000ce          10000ce        0     1                 .Lpcrel_hi8
         10000e8          10000e8       22     2         /home/ryoj/gitrepos/zoeax/target/riscv64gc-unknown-none-elf/debug/deps/simple-274dc94a78603199.3exxdlyf7n2ksfim0vym6dauj.0viurow.rcgu.o:(.text._RINvMNtNtCskNqGbxqCcyC_4core3fmt2rtNtB3_8Argument9new_debugRNtNtNtB7_5panic10panic_info9PanicInfoECsj6DOkPbar72_6simple)
         10000e8          10000e8        0     1                 .L0 
         10000e8          10000e8        0     1                 .L0 
         10000e8          10000e8        0     1                 $x
         10000e8          10000e8        0     1                 .L0 
         10000e8          10000e8       22     1                 <core::fmt::rt::Argument>::new_debug::<&core::panic::panic_info::PanicInfo>
         10000f4          10000f4        0     1                 .Lpcrel_hi0
         100010a          100010a       18     2         /home/ryoj/gitrepos/zoeax/target/riscv64gc-unknown-none-elf/debug/deps/simple-274dc94a78603199.8cvm9vvu4v5y1db5xt4yd00tr.0viurow.rcgu.o:(.text._RNvXs1g_NtCskNqGbxqCcyC_4core3fmtRNtNtNtB8_5panic8location8LocationNtB6_5Debug3fmtCsj6DOkPbar72_6simple)
         100010a          100010a        0     1                 .L0 
         100010a          100010a        0     1                 .L0 
         100010a          100010a        0     1                 $x
         100010a          100010a        0     1                 .L0 
         100010a          100010a       18     1                 <&core::panic::location::Location as core::fmt::Debug>::fmt
         1000122          1000122       18     2         /home/ryoj/gitrepos/zoeax/target/riscv64gc-unknown-none-elf/debug/deps/simple-274dc94a78603199.9m5s00mki3enfye0i14308anu.0viurow.rcgu.o:(.text._RNvXs1g_NtCskNqGbxqCcyC_4core3fmtRNtNtNtB8_5panic10panic_info9PanicInfoNtB6_5Debug3fmtCsj6DOkPbar72_6simple)
         1000122          1000122        0     1                 .L0 
         1000122          1000122        0     1                 .L0 
         1000122          1000122        0     1                 $x
         1000122          1000122        0     1                 .L0 
         1000122          1000122       18     1                 <&core::panic::panic_info::PanicInfo as core::fmt::Debug>::fmt
         100013a          100013a        a     2         /home/ryoj/gitrepos/zoeax/target/riscv64gc-unknown-none-elf/debug/deps/simple-274dc94a78603199.ch011husyvbasthixbk1drw56.0viurow.rcgu.o:(.text._RINvMs2_NtCskNqGbxqCcyC_4core3fmtNtB6_9Arguments3newKj4_Kj1_ECsj6DOkPbar72_6simple)
         100013a          100013a        0     1                 .L0 
         100013a          100013a        0     1                 .L0 
         100013a          100013a        0     1                 $x
         100013a          100013a        0     1                 .L0 
         100013a          100013a        a     1                 <core::fmt::Arguments>::new::<4, 1>
         1000144          1000144        0     1                 .L0 
         1000144          1000144       18     2         /home/ryoj/gitrepos/zoeax/target/riscv64gc-unknown-none-elf/debug/deps/simple-274dc94a78603199.ch011husyvbasthixbk1drw56.0viurow.rcgu.o:(.text._RNvXs1g_NtCskNqGbxqCcyC_4core3fmtRNtB6_9ArgumentsNtB6_5Debug3fmtCsj6DOkPbar72_6simple)
         1000144          1000144        0     1                 .L0 
         1000144          1000144        0     1                 .L0 
         1000144          1000144        0     1                 $x
         1000144          1000144        0     1                 .L0 
         1000144          1000144       18     1                 <&core::fmt::Arguments as core::fmt::Debug>::fmt
         100015c          100015c        0     1                 .L0 
         100015c          100015c       18     2         /home/ryoj/gitrepos/zoeax/target/riscv64gc-unknown-none-elf/debug/deps/simple-274dc94a78603199.ch011husyvbasthixbk1drw56.0viurow.rcgu.o:(.text._RNvXs1g_NtCskNqGbxqCcyC_4core3fmtRbNtB6_5Debug3fmtCsj6DOkPbar72_6simple)
         100015c          100015c        0     1                 .L0 
         100015c          100015c        0     1                 .L0 
         100015c          100015c        0     1                 $x
         100015c          100015c        0     1                 .L0 
         100015c          100015c       18     1                 <&bool as core::fmt::Debug>::fmt
         1000174          1000174        0     1                 .L0 
         1000174          1000174       3e     2         /home/ryoj/gitrepos/zoeax/target/riscv64gc-unknown-none-elf/debug/deps/simple-274dc94a78603199.dmkq5gywbfpsk33z4sx1hy48a.0viurow.rcgu.o:(.text.main)
         1000174          1000174        0     1                 .L0 
         1000174          1000174        0     1                 .L0 
         1000174          1000174        0     1                 $x
         1000174          1000174        0     1                 .L0 
         1000174          1000174       3e     1                 main
         1000178          1000178        0     1                 .Lpcrel_hi0
         1000192          1000192        0     1                 .Lpcrel_hi1
         10001b2          10001b2       3a     2         /home/ryoj/gitrepos/zoeax/target/riscv64gc-unknown-none-elf/debug/deps/simple-274dc94a78603199.e1igcivmd6pagj7swllpfmg6m.0viurow.rcgu.o:(.text._RNvCsirXTF8uHvCa_7___rustc17rust_begin_unwind)
         10001b2          10001b2        0     1                 .L0 
         10001b2          10001b2        0     1                 .L0 
         10001b2          10001b2        0     1                 $x
         10001b2          10001b2        0     1                 .L0 
         10001b2          10001b2       3a     1                 __rustc::rust_begin_unwind
         10001be          10001be        0     1                 .L0 
         10001ce          10001ce        0     1                 .Lpcrel_hi1
         10001ce          10001ce        0     1                 .L0 
         10001ec          10001ec        0     1                 .L0 
         10001ec          10001ec        8     2         /home/ryoj/gitrepos/zoeax/target/riscv64gc-unknown-none-elf/debug/deps/simple-274dc94a78603199.e1igcivmd6pagj7swllpfmg6m.0viurow.rcgu.o:(.text.exit)
         10001ec          10001ec        0     1                 .L0 
         10001ec          10001ec        0     1                 .L0 
         10001ec          10001ec        0     1                 $x
         10001ec          10001ec        0     1                 .L0 
         10001ec          10001ec        8     1                 exit
         10001ee          10001ee        0     1                 .L0 
         10001f4          10001f4        0     1                 .L0 
         10001f4          10001f4       1e     2         /home/ryoj/gitrepos/zoeax/target/riscv64gc-unknown-none-elf/debug/deps/liblibzoea-6e7130be52f996e3.rlib(libzoea-6e7130be52f996e3.4ygaxdhle8g0d9hmco0nla9vi.1bigtlf.rcgu.o):(.text._RNvCshMkPB8ivAwF_7libzoea6__print)
         10001f4          10001f4        0     1                 .L0 
         10001f4          10001f4        0     1                 .L0 
         10001f4          10001f4        0     1                 $x
         10001f4          10001f4        0     1                 .L0 
         10001f4          10001f4       1e     1                 libzoea::_print
         1000204          1000204        0     1                 .L0 
         1000212          1000212        0     1                 .L0 
         1000212          1000212       9e     2         /home/ryoj/gitrepos/zoeax/target/riscv64gc-unknown-none-elf/debug/deps/liblibzoea-6e7130be52f996e3.rlib(libzoea-6e7130be52f996e3.4ygaxdhle8g0d9hmco0nla9vi.1bigtlf.rcgu.o):(.text._RNvXCshMkPB8ivAwF_7libzoeaNtB2_13SyscallWriterNtNtCskNqGbxqCcyC_4core3fmt5Write9write_str)
         1000212          1000212        0     1                 .L0 
         1000212          1000212        0     1                 .L0 
         1000212          1000212        0     1                 $x
         1000212          1000212        0     1                 .L0 
         1000212          1000212       9e     1                 <libzoea::SyscallWriter as core::fmt::Write>::write_str
         1000238          1000238        0     1                 .L0 
         1000250          1000250        0     1                 .L0 
         100025c          100025c        0     1                 .L0 
         1000282          1000282        0     1                 .L0 
         1000294          1000294        0     1                 .Lpcrel_hi0
         1000294          1000294        0     1                 .L0 
         10002ae          10002ae        0     1                 .L0 
         10002b0          10002b0        0     1                 .L0 
         10002b0          10002b0        0     1                 .L0 
         10002b0          10002b0        e     2         /home/ryoj/gitrepos/zoeax/target/riscv64gc-unknown-none-elf/debug/deps/liblibzoea-6e7130be52f996e3.rlib(libzoea-6e7130be52f996e3.2wm7s53fjhtjd0rqdbxzw3om1.1bigtlf.rcgu.o):(.text._RNCNvXCshMkPB8ivAwF_7libzoeaNtB4_13SyscallWriterNtNtCskNqGbxqCcyC_4core3fmt5Write9write_str0B4_)
         10002b0          10002b0        0     1                 .L0 
         10002b0          10002b0        0     1                 .L0 
         10002b0          10002b0        0     1                 $x
         10002b0          10002b0        0     1                 .L0 
         10002b0          10002b0        e     1                 <libzoea::SyscallWriter as core::fmt::Write>::write_str::{closure#0}
         10002be          10002be        0     1                 .L0 
         10002be          10002be       5e     2         /home/ryoj/gitrepos/zoeax/target/riscv64gc-unknown-none-elf/debug/deps/liblibzoea-6e7130be52f996e3.rlib(libzoea-6e7130be52f996e3.2wm7s53fjhtjd0rqdbxzw3om1.1bigtlf.rcgu.o):(.text._RNvXs_NvNtNtCskNqGbxqCcyC_4core3fmt5Write9write_fmtQNtCshMkPB8ivAwF_7libzoea13SyscallWriterNtB4_12SpecWriteFmt14spec_write_fmtBQ_)
         10002be          10002be        0     1                 .L0 
         10002be          10002be        0     1                 .L0 
         10002be          10002be        0     1                 $x
         10002be          10002be        0     1                 .L0 
         10002be          10002be       5e     1                 <&mut libzoea::SyscallWriter as core::fmt::Write::write_fmt::SpecWriteFmt>::spec_write_fmt
         10002cc          10002cc        0     1                 .L0 
         10002fc          10002fc        0     1                 .Lpcrel_hi0
         100031c          100031c        0     1                 .L0 
         100031c          100031c       40     2         /home/ryoj/gitrepos/zoeax/target/riscv64gc-unknown-none-elf/debug/deps/liblibzoea-6e7130be52f996e3.rlib(libzoea-6e7130be52f996e3.2wm7s53fjhtjd0rqdbxzw3om1.1bigtlf.rcgu.o):(.text._RNvYNtCshMkPB8ivAwF_7libzoea13SyscallWriterNtNtCskNqGbxqCcyC_4core3fmt5Write10write_charB4_)
         100031c          100031c        0     1                 .L0 
         100031c          100031c        0     1                 .L0 
         100031c          100031c        0     1                 $x
         100031c          100031c        0     1                 .L0 
         100031c          100031c       40     1                 <libzoea::SyscallWriter as core::fmt::Write>::write_char
         1000338          1000338        0     1                 .L0 
         100035c          100035c        0     1                 .L0 
         100035c          100035c       18     2         /home/ryoj/gitrepos/zoeax/target/riscv64gc-unknown-none-elf/debug/deps/liblibzoea-6e7130be52f996e3.rlib(libzoea-6e7130be52f996e3.2wm7s53fjhtjd0rqdbxzw3om1.1bigtlf.rcgu.o):(.text._RNvYNtCshMkPB8ivAwF_7libzoea13SyscallWriterNtNtCskNqGbxqCcyC_4core3fmt5Write9write_fmtB4_)
         100035c          100035c        0     1                 .L0 
         100035c          100035c        0     1                 .L0 
         100035c          100035c        0     1                 $x
         100035c          100035c        0     1                 .L0 
         100035c          100035c       18     1                 <libzoea::SyscallWriter as core::fmt::Write>::write_fmt
         1000374          1000374        0     1                 .L0 
         1000374          1000374       a4     2         /home/ryoj/gitrepos/zoeax/target/riscv64gc-unknown-none-elf/debug/deps/liblibzoea-6e7130be52f996e3.rlib(libzoea-6e7130be52f996e3.39to3fli3oififug1lkel1muc.1bigtlf.rcgu.o):(.text._RNvNtNtCskNqGbxqCcyC_4core4char7methods15encode_utf8_rawCshMkPB8ivAwF_7libzoea)
         1000374          1000374        0     1                 .L0 
         1000374          1000374        0     1                 .L0 
         1000374          1000374        0     1                 $x
         1000374          1000374        0     1                 .L0 
         1000374          1000374       a4     1                 core::char::methods::encode_utf8_raw
         100038a          100038a        0     1                 .L0 
         10003be          10003be        0     1                 .L0 
         10003d8          10003d8        0     1                 .L0 
         10003da          10003da        0     1                 .L0 
         10003dc          10003dc        0     1                 .L0 
         10003e0          10003e0        0     1                 .L0 
         10003e4          10003e4        0     1                 .Lpcrel_hi0
         10003f6          10003f6        0     1                 .L0 
         10003f8          10003f8        0     1                 .Lpcrel_hi1
         1000410          1000410        0     1                 .L0 
         1000412          1000412        0     1                 .L0 
         1000418          1000418        0     1                 .L0 
         1000418          1000418       fc     2         /home/ryoj/gitrepos/zoeax/target/riscv64gc-unknown-none-elf/debug/deps/liblibzoea-6e7130be52f996e3.rlib(libzoea-6e7130be52f996e3.39to3fli3oififug1lkel1muc.1bigtlf.rcgu.o):(.text._RNvNtNtCskNqGbxqCcyC_4core4char7methods25encode_utf8_raw_uncheckedCshMkPB8ivAwF_7libzoea)
         1000418          1000418       fc     1                 core::char::methods::encode_utf8_raw_unchecked
         1000418          1000418        0     1                 .L0 
         1000418          1000418        0     1                 .L0 
         1000418          1000418        0     1                 $x
         1000418          1000418        0     1                 .L0 
         1000426          1000426        0     1                 .L0 
         1000428          1000428        0     1                 .L0 
         100042a          100042a        0     1                 .L0 
         100042e          100042e        0     1                 .L0 
         1000430          1000430        0     1                 .L0 
         1000434          1000434        0     1                 .L0 
         100043a          100043a        0     1                 .L0 
         1000452          1000452        0     1                 .L0 
         1000458          1000458        0     1                 .L0 
         100045a          100045a        0     1                 .L0 
         1000474          1000474        0     1                 .L0 
         1000476          1000476        0     1                 .L0 
         1000484          1000484        0     1                 .L0 
         1000494          1000494        0     1                 .L0 
         10004a4          10004a4        0     1                 .L0 
         10004b0          10004b0        0     1                 .L0 
         10004d8          10004d8        0     1                 .L0 
         10004e2          10004e2        0     1                 .L0 
         100050e          100050e        0     1                 .L0 
         1000514          1000514        0     1                 .L0 
         1000514          1000514       82     2         /home/ryoj/gitrepos/zoeax/target/riscv64gc-unknown-none-elf/debug/deps/liblibzoea-6e7130be52f996e3.rlib(libzoea-6e7130be52f996e3.39to3fli3oififug1lkel1muc.1bigtlf.rcgu.o):(.text._RNvNvNvNtNtCskNqGbxqCcyC_4core4char7methods15encode_utf8_raw8do_panic7runtimeCshMkPB8ivAwF_7libzoea)
         1000514          1000514       82     1                 core::char::methods::encode_utf8_raw::do_panic::runtime
         1000514          1000514        0     1                 .L0 
         1000514          1000514        0     1                 .L0 
         1000514          1000514        0     1                 $x
         1000514          1000514        0     1                 .L0 
         1000528          1000528        0     1                 .Lpcrel_hi2
         1000528          1000528        0     1                 .L0 
         1000534          1000534        0     1                 .L0 
         100053e          100053e        0     1                 .L0 
         1000540          1000540        0     1                 .Lpcrel_hi3
         1000552          1000552        0     1                 .L0 
         1000554          1000554        0     1                 .Lpcrel_hi4
         1000566          1000566        0     1                 .L0 
         100058c          100058c        0     1                 .L0 
         100058e          100058e        0     1                 .L0 
         1000596          1000596        0     1                 .L0 
         1000596          1000596       42     2         /home/ryoj/gitrepos/zoeax/target/riscv64gc-unknown-none-elf/debug/deps/liblibzoea-6e7130be52f996e3.rlib(libzoea-6e7130be52f996e3.41wobh9zqi5iixq2ebz69p3ja.1bigtlf.rcgu.o):(.text._RNvXs2J_NtNtCskNqGbxqCcyC_4core5slice4iterINtB6_4IterhENtNtNtNtBa_4iter6traits8iterator8Iterator4nextCshMkPB8ivAwF_7libzoea)
         1000596          1000596        0     1                 .L0 
         1000596          1000596        0     1                 .L0 
         1000596          1000596        0     1                 $x
         1000596          1000596        0     1                 .L0 
         1000596          1000596       42     1                 <core::slice::iter::Iter<u8> as core::iter::traits::iterator::Iterator>::next
         100059e          100059e        0     1                 .L0 
         10005a0          10005a0        0     1                 .L0 
         10005a2          10005a2        0     1                 .L0 
         10005a8          10005a8        0     1                 .L0 
         10005ae          10005ae        0     1                 .L0 
         10005be          10005be        0     1                 .L0 
         10005c0          10005c0        0     1                 .L0 
         10005ce          10005ce        0     1                 .L0 
         10005d8          10005d8        0     1                 .L0 
         10005d8          10005d8       28     2         /home/ryoj/gitrepos/zoeax/target/riscv64gc-unknown-none-elf/debug/deps/liblibzoea-6e7130be52f996e3.rlib(libzoea-6e7130be52f996e3.41wobh9zqi5iixq2ebz69p3ja.1bigtlf.rcgu.o):(.text._RNvXs_NtNtCskNqGbxqCcyC_4core5slice4iterRShNtNtNtNtB8_4iter6traits7collect12IntoIterator9into_iterCshMkPB8ivAwF_7libzoea)
         10005d8          10005d8        0     1                 .L0 
         10005d8          10005d8        0     1                 .L0 
         10005d8          10005d8        0     1                 $x
         10005d8          10005d8        0     1                 .L0 
         10005d8          10005d8       28     1                 <&[u8] as core::iter::traits::collect::IntoIterator>::into_iter
         10005e2          10005e2        0     1                 .L0 
         10005e4          10005e4        0     1                 .L0 
         10005e8          10005e8        0     1                 .L0 
         10005ea          10005ea        0     1                 .L0 
         10005f0          10005f0        0     1                 .L0 
         10005f2          10005f2        0     1                 .L0 
         10005fa          10005fa        0     1                 .L0 
         1000600          1000600        0     1                 .L0 
         1000600          1000600       9c     2         /home/ryoj/gitrepos/zoeax/target/riscv64gc-unknown-none-elf/debug/deps/liblibzoea-6e7130be52f996e3.rlib(libzoea-6e7130be52f996e3.084k5bo1rtzo7s47jvchu84k2.1bigtlf.rcgu.o):(.text._RNvNtCshMkPB8ivAwF_7libzoea7syscall7syscall)
         1000600          1000600        0     1                 .L0 
         1000600          1000600        0     1                 .L0 
         1000600          1000600        0     1                 $x
         1000600          1000600        0     1                 .L0 
         1000600          1000600       9c     1                 libzoea::syscall::syscall
         1000644          1000644        0     1                 .L0 
         1000676          1000676        0     1                 .L0 
         100069c          100069c        0     1                 .L0 
         100069c          100069c       28     2         /home/ryoj/gitrepos/zoeax/target/riscv64gc-unknown-none-elf/debug/deps/liblibzoea-6e7130be52f996e3.rlib(libzoea-6e7130be52f996e3.084k5bo1rtzo7s47jvchu84k2.1bigtlf.rcgu.o):(.text._RNvNtCshMkPB8ivAwF_7libzoea7syscall8put_char)
         100069c          100069c        0     1                 .L0 
         100069c          100069c        0     1                 .L0 
         100069c          100069c        0     1                 $x
         100069c          100069c        0     1                 .L0 
         100069c          100069c       28     1                 libzoea::syscall::put_char
         10006c4          10006c4        0     1                 .L0 
         10006c4          10006c4       48     2         /home/ryoj/gitrepos/zoeax/target/riscv64gc-unknown-none-elf/debug/deps/liblibzoea-6e7130be52f996e3.rlib(libzoea-6e7130be52f996e3.6v6egmhgtxiyoyjsfd655oe27.1bigtlf.rcgu.o):(.text._RINvMNtCskNqGbxqCcyC_4core6resultINtB3_6ResultjTNtNtCsbvsBeoydfsl_6shared8err_kind7ErrKindtEE7map_errNtNtB5_3fmt5ErrorNCNvXCshMkPB8ivAwF_7libzoeaNtB1X_13SyscallWriterNtB1D_5Write9write_str0EB1X_)
         10006c4          10006c4        0     1                 .L0 
         10006c4          10006c4        0     1                 .L0 
         10006c4          10006c4        0     1                 $x
         10006c4          10006c4        0     1                 .L0 
         10006c4          10006c4       48     1                 <core::result::Result<usize, (shared::err_kind::ErrKind, u16)>>::map_err::<core::fmt::Error, <libzoea::SyscallWriter as core::fmt::Write>::write_str::{closure#0}>
         10006e6          10006e6        0     1                 .L0 
         10006fa          10006fa        0     1                 .L0 
         100070c          100070c        0     1                 .L0 
         100070c          100070c       3a     2         /home/ryoj/gitrepos/zoeax/target/riscv64gc-unknown-none-elf/debug/deps/liblibzoea-6e7130be52f996e3.rlib(libzoea-6e7130be52f996e3.6v6egmhgtxiyoyjsfd655oe27.1bigtlf.rcgu.o):(.text._RNvMNtCskNqGbxqCcyC_4core6resultINtB2_6ResultNtNtCsbvsBeoydfsl_6shared8err_kind7ErrKinduE9unwrap_orCshMkPB8ivAwF_7libzoea)
         100070c          100070c        0     1                 .L0 
         100070c          100070c        0     1                 .L0 
         100070c          100070c        0     1                 $x
         100070c          100070c        0     1                 .L0 
         100070c          100070c       3a     1                 <core::result::Result<shared::err_kind::ErrKind, ()>>::unwrap_or
         1000746          1000746        0     1                 .L0 
         1000746          1000746       2a     2         /home/ryoj/gitrepos/zoeax/target/riscv64gc-unknown-none-elf/debug/deps/liblibzoea-6e7130be52f996e3.rlib(libzoea-6e7130be52f996e3.6v6egmhgtxiyoyjsfd655oe27.1bigtlf.rcgu.o):(.text._RNvXsp_NtCskNqGbxqCcyC_4core6resultINtB5_6ResultjNtNtB7_3fmt5ErrorENtNtNtB7_3ops9try_trait3Try6branchCshMkPB8ivAwF_7libzoea)
         1000746          1000746        0     1                 .L0 
         1000746          1000746        0     1                 .L0 
         1000746          1000746        0     1                 $x
         1000746          1000746        0     1                 .L0 
         1000746          1000746       2a     1                 <core::result::Result<usize, core::fmt::Error> as core::ops::try_trait::Try>::branch
         1000758          1000758        0     1                 .L0 
         1000760          1000760        0     1                 .L0 
         1000770          1000770        0     1                 .L0 
         1000770          1000770        8     2         /home/ryoj/gitrepos/zoeax/target/riscv64gc-unknown-none-elf/debug/deps/liblibzoea-6e7130be52f996e3.rlib(libzoea-6e7130be52f996e3.6v6egmhgtxiyoyjsfd655oe27.1bigtlf.rcgu.o):(.text._RNvXsq_NtCskNqGbxqCcyC_4core6resultINtB5_6ResultuNtNtB7_3fmt5ErrorEINtNtNtB7_3ops9try_trait12FromResidualIBy_NtNtB7_7convert10InfallibleBL_EE13from_residualCshMkPB8ivAwF_7libzoea)
         1000770          1000770        0     1                 .L0 
         1000770          1000770        0     1                 .L0 
         1000770          1000770        0     1                 $x
         1000770          1000770        0     1                 .L0 
         1000770          1000770        8     1                 <core::result::Result<(), core::fmt::Error> as core::ops::try_trait::FromResidual<core::result::Result<core::convert::Infallible, core::fmt::Error>>>::from_residual
         1000778          1000778        0     1                 .L0 
         1000778          1000778       90     2         /home/ryoj/gitrepos/zoeax/target/riscv64gc-unknown-none-elf/debug/deps/liblibzoea-6e7130be52f996e3.rlib(libzoea-6e7130be52f996e3.7vv9ek6yxkwie1ck5snmrfzpv.1bigtlf.rcgu.o):(.text._RNvMs4_NtCskNqGbxqCcyC_4core3fmtNtB5_9Arguments23as_statically_known_strCshMkPB8ivAwF_7libzoea)
         1000778          1000778        0     1                 .L0 
         1000778          1000778        0     1                 .L0 
         1000778          1000778        0     1                 $x
         1000778          1000778        0     1                 .L0 
         1000778          1000778       90     1                 <core::fmt::Arguments>::as_statically_known_str
         1000780          1000780        0     1                 .L0 
         1000786          1000786        0     1                 .L0 
         10007a0          10007a0        0     1                 .Lpcrel_hi0
         10007b6          10007b6        0     1                 .Lpcrel_hi1
         10007d0          10007d0        0     1                 .L0 
         10007dc          10007dc        0     1                 .L0 
         10007ea          10007ea        0     1                 .Lpcrel_hi2
         1000808          1000808       84     2         /home/ryoj/gitrepos/zoeax/target/riscv64gc-unknown-none-elf/debug/deps/liblibzoea-6e7130be52f996e3.rlib(libzoea-6e7130be52f996e3.di9ra9nwk3wy1qix51th15w3a.1bigtlf.rcgu.o):(.text._RNvNvNtNtCskNqGbxqCcyC_4core5slice3raw14from_raw_parts18precondition_checkCshMkPB8ivAwF_7libzoea)
         1000808          1000808        0     1                 .L0 
         1000808          1000808        0     1                 .L0 
         1000808          1000808        0     1                 $x
         1000808          1000808        0     1                 .L0 
         1000808          1000808       84     1                 core::slice::raw::from_raw_parts::precondition_check
         1000824          1000824        0     1                 .L0 
         1000828          1000828        0     1                 .L0 
         100082a          100082a        0     1                 .L0 
         1000836          1000836        0     1                 .L0 
         1000842          1000842        0     1                 .L0 
         1000846          1000846        0     1                 .L0 
         1000848          1000848        0     1                 .Lpcrel_hi0
         100085e          100085e        0     1                 .L0 
         1000868          1000868        0     1                 .L0 
         100087c          100087c        0     1                 .L0 
         100087e          100087e        0     1                 .L0 
         100088c          100088c        0     1                 .L0 
         100088c          100088c       84     2         /home/ryoj/gitrepos/zoeax/target/riscv64gc-unknown-none-elf/debug/deps/liblibzoea-6e7130be52f996e3.rlib(libzoea-6e7130be52f996e3.di9ra9nwk3wy1qix51th15w3a.1bigtlf.rcgu.o):(.text._RNvNvNtNtCskNqGbxqCcyC_4core5slice3raw18from_raw_parts_mut18precondition_checkCshMkPB8ivAwF_7libzoea)
         100088c          100088c        0     1                 .L0 
         100088c          100088c        0     1                 .L0 
         100088c          100088c        0     1                 $x
         100088c          100088c        0     1                 .L0 
         100088c          100088c       84     1                 core::slice::raw::from_raw_parts_mut::precondition_check
         10008a8          10008a8        0     1                 .L0 
         10008ac          10008ac        0     1                 .L0 
         10008ae          10008ae        0     1                 .L0 
         10008ba          10008ba        0     1                 .L0 
         10008c6          10008c6        0     1                 .L0 
         10008ca          10008ca        0     1                 .L0 
         10008cc          10008cc        0     1                 .Lpcrel_hi1
         10008e2          10008e2        0     1                 .L0 
         10008ec          10008ec        0     1                 .L0 
         1000900          1000900        0     1                 .L0 
         1000902          1000902        0     1                 .L0 
         1000910          1000910        0     1                 .L0 
         1000910          1000910       a2     2         /home/ryoj/gitrepos/zoeax/target/riscv64gc-unknown-none-elf/debug/deps/liblibzoea-6e7130be52f996e3.rlib(libzoea-6e7130be52f996e3.artzu4498lgf9z4blo7nlh73v.1bigtlf.rcgu.o):(.text._RNvMNtNtCskNqGbxqCcyC_4core3ptr9const_ptrPu13is_aligned_toCshMkPB8ivAwF_7libzoea)
         1000910          1000910        0     1                 .L0 
         1000910          1000910        0     1                 .L0 
         1000910          1000910        0     1                 $x
         1000910          1000910        0     1                 .L0 
         1000910          1000910       a2     1                 <*const ()>::is_aligned_to
         100091a          100091a        0     1                 .L0 
         100098e          100098e        0     1                 .Lpcrel_hi0
         100099e          100099e        0     1                 .Lpcrel_hi1
         10009b2          10009b2      1cc     2         /home/ryoj/gitrepos/zoeax/target/riscv64gc-unknown-none-elf/debug/deps/libshared-588c57315aa3f9de.rlib(shared-588c57315aa3f9de.9e0n7nbb242brqc20w9qmbsc8.02by5p9.rcgu.o):(.text._RNvXNtCsbvsBeoydfsl_6shared8err_kindNtB2_7ErrKindINtNtCskNqGbxqCcyC_4core7convert7TryFromjE8try_from)
         10009b2          10009b2        0     1                 .L0 
         10009b2          10009b2        0     1                 .L0 
         10009b2          10009b2        0     1                 $x
         10009b2          10009b2        0     1                 .L0 
         10009b2          10009b2      1cc     1                 <shared::err_kind::ErrKind as core::convert::TryFrom<usize>>::try_from
         10009d4          10009d4        0     1                 .L0 
         10009ea          10009ea        0     1                 .L0 
         1000a00          1000a00        0     1                 .L0 
         1000a16          1000a16        0     1                 .L0 
         1000a2c          1000a2c        0     1                 .L0 
         1000a42          1000a42        0     1                 .L0 
         1000a58          1000a58        0     1                 .L0 
         1000a6e          1000a6e        0     1                 .L0 
         1000a84          1000a84        0     1                 .L0 
         1000a9a          1000a9a        0     1                 .L0 
         1000ab0          1000ab0        0     1                 .L0 
         1000ac6          1000ac6        0     1                 .L0 
         1000adc          1000adc        0     1                 .L0 
         1000af2          1000af2        0     1                 .L0 
         1000b08          1000b08        0     1                 .L0 
         1000b1e          1000b1e        0     1                 .L0 
         1000b34          1000b34        0     1                 .L0 
         1000b4a          1000b4a        0     1                 .L0 
         1000b60          1000b60        0     1                 .L0 
         1000b70          1000b70        0     1                 .L0 
         1000b7e          1000b7e      310     2         /home/ryoj/.rustup/toolchains/nightly-x86_64-unknown-linux-gnu/lib/rustlib/riscv64gc-unknown-none-elf/lib/libcore-8d2b1608cb875fc1.rlib(core-8d2b1608cb875fc1.core.f23d14389bb034a4-cgu.0.rcgu.o):(.text._RNvMNtNtCskNqGbxqCcyC_4core4char7methodsc16escape_debug_ext)
         1000b7e          1000b7e      310     1                 <char>::escape_debug_ext
         1000b7e          1000b7e        0     1                 .L0 
         1000b7e          1000b7e        0     1                 .L0 
         1000b7e          1000b7e        0     1                 $x
         1000b7e          1000b7e        0     1                 .L0 
         1000b9a          1000b9a        0     1                 .Lpcrel_hi201
         1000ba8          1000ba8        0     1                 .L0 
         1000bb0          1000bb0        0     1                 .L0 
         1000bc2          1000bc2        0     1                 .L0 
         1000bc4          1000bc4        0     1                 .L0 
         1000bd2          1000bd2        0     1                 .L0 
         1000be4          1000be4        0     1                 .L0 
         1000bf4          1000bf4        0     1                 .L0 
         1000bf8          1000bf8        0     1                 .Lpcrel_hi202
         1000c0c          1000c0c        0     1                 .L0 
         1000c0e          1000c0e        0     1                 .L0 
         1000c2c          1000c2c        0     1                 .L0 
         1000c38          1000c38        0     1                 .L0 
         1000c74          1000c74        0     1                 .L0 
         1000ccc          1000ccc        0     1                 .L0 
         1000cf2          1000cf2        0     1                 .L0 
         1000cfa          1000cfa        0     1                 .L0 
         1000cfc          1000cfc        0     1                 .L0 
         1000d0a          1000d0a        0     1                 .L0 
         1000d0c          1000d0c        0     1                 .L0 
         1000d12          1000d12        0     1                 .L0 
         1000d1a          1000d1a        0     1                 .L0 
         1000d1c          1000d1c        0     1                 .L0 
         1000d32          1000d32        0     1                 .L0 
         1000d42          1000d42        0     1                 .L0 
         1000d52          1000d52        0     1                 .L0 
         1000d56          1000d56        0     1                 .Lpcrel_hi203
         1000d6a          1000d6a        0     1                 .L0 
         1000d6c          1000d6c        0     1                 .L0 
         1000d8a          1000d8a        0     1                 .L0 
         1000d96          1000d96        0     1                 .L0 
         1000dd2          1000dd2        0     1                 .L0 
         1000e2a          1000e2a        0     1                 .L0 
         1000e4e          1000e4e        0     1                 .L0 
         1000e66          1000e66        0     1                 .L0 
         1000e8e          1000e8e        0     1                 .L0 
         1000e8e          1000e8e      176     2         /home/ryoj/.rustup/toolchains/nightly-x86_64-unknown-linux-gnu/lib/rustlib/riscv64gc-unknown-none-elf/lib/libcore-8d2b1608cb875fc1.rlib(core-8d2b1608cb875fc1.core.f23d14389bb034a4-cgu.0.rcgu.o):(.text._RNvMs1_NtNtCskNqGbxqCcyC_4core3fmt8buildersNtB5_11DebugStruct5field)
         1000e8e          1000e8e        0     1                 .L0 
         1000e8e          1000e8e        0     1                 .L0 
         1000e8e          1000e8e        0     1                 $x
         1000e8e          1000e8e        0     1                 .L0 
         1000e8e          1000e8e      176     1                 <core::fmt::builders::DebugStruct>::field
         1000ea8          1000ea8        0     1                 .L0 
         1000eb0          1000eb0        0     1                 .L0 
         1000eb2          1000eb2        0     1                 .L0 
         1000eba          1000eba        0     1                 .L0 
         1000ed8          1000ed8        0     1                 .L0 
         1000ef4          1000ef4        0     1                 .Lpcrel_hi254
         1000f00          1000f00        0     1                 .L0 
         1000f0a          1000f0a        0     1                 .Lpcrel_hi256
         1000f22          1000f22        0     1                 .L0 
         1000f2a          1000f2a        0     1                 .L0 
         1000f3a          1000f3a        0     1                 .L0 
         1000f46          1000f46        0     1                 .Lpcrel_hi257
         1000f4a          1000f4a        0     1                 .L0 
         1000f4e          1000f4e        0     1                 .L0 
         1000f5e          1000f5e        0     1                 .L0 
         1000f66          1000f66        0     1                 .L0 
         1000f68          1000f68        0     1                 .L0 
         1000f68          1000f68        0     1                 .Lpcrel_hi258
         1000f7e          1000f7e        0     1                 .L0 
         1000f84          1000f84        0     1                 .L0 
         1000f8c          1000f8c        0     1                 .L0 
         1000f92          1000f92        0     1                 .Lpcrel_hi253
         1000f9a          1000f9a        0     1                 .L0 
         1000faa          1000faa        0     1                 .L0 
         1000fb0          1000fb0        0     1                 .L0 
         1000fbe          1000fbe        0     1                 .L0 
         1000fc2          1000fc2        0     1                 .L0 
         1000fcc          1000fcc        0     1                 .Lpcrel_hi255
         1000fda          1000fda        0     1                 .L0 
         1000fe2          1000fe2        0     1                 .L0 
         1000fea          1000fea        0     1                 .L0 
         1000ff4          1000ff4        0     1                 .Lpcrel_hi259
         1001004          1001004        0     1                 .L0 
         1001004          1001004        0     1                 .L0 
         1001004          1001004      24c     2         /home/ryoj/.rustup/toolchains/nightly-x86_64-unknown-linux-gnu/lib/rustlib/riscv64gc-unknown-none-elf/lib/libcore-8d2b1608cb875fc1.rlib(core-8d2b1608cb875fc1.core.f23d14389bb034a4-cgu.0.rcgu.o):(.text._RNvMsa_NtCskNqGbxqCcyC_4core3fmtNtB5_9Formatter12pad_integral)
         1001004          1001004        0     1                 .L0 
         1001004          1001004        0     1                 .L0 
         1001004          1001004        0     1                 $x
         1001004          1001004        0     1                 .L0 
         1001004          1001004      24c     1                 <core::fmt::Formatter>::pad_integral
         1001036          1001036        0     1                 .L0 
         1001056          1001056        0     1                 .L0 
         100105c          100105c        0     1                 .L0 
         100106c          100106c        0     1                 .L0 
         1001074          1001074        0     1                 .L0 
         100107a          100107a        0     1                 .L0 
         1001094          1001094        0     1                 .L0 
         100109c          100109c        0     1                 .L0 
         100109e          100109e        0     1                 .L0 
         10010aa          10010aa        0     1                 .L0 
         10010de          10010de        0     1                 .L0 
         1001106          1001106        0     1                 .L0 
         1001112          1001112        0     1                 .L0 
         1001132          1001132        0     1                 .L0 
         100113a          100113a        0     1                 .L0 
         1001164          1001164        0     1                 .L0 
         100116c          100116c        0     1                 .L0 
         1001170          1001170        0     1                 .L0 
         1001172          1001172        0     1                 .L0 
         100117a          100117a        0     1                 .L0 
         1001182          1001182        0     1                 .L0 
         1001186          1001186        0     1                 .L0 
         1001190          1001190        0     1                 .L0 
         100119e          100119e        0     1                 .L0 
         10011c4          10011c4        0     1                 .L0 
         10011cc          10011cc        0     1                 .L0 
         10011d0          10011d0        0     1                 .L0 
         10011d2          10011d2        0     1                 .L0 
         10011d8          10011d8        0     1                 .L0 
         10011da          10011da        0     1                 .L0 
         1001210          1001210        0     1                 .L0 
         1001220          1001220        0     1                 .L0 
         1001234          1001234        0     1                 .L0 
         1001240          1001240        0     1                 .L0 
         1001244          1001244        0     1                 .L0 
         1001246          1001246        0     1                 .L0 
         100124c          100124c        0     1                 .L0 
         1001250          1001250        0     1                 .L0 
         1001250          1001250      106     2         /home/ryoj/.rustup/toolchains/nightly-x86_64-unknown-linux-gnu/lib/rustlib/riscv64gc-unknown-none-elf/lib/libcore-8d2b1608cb875fc1.rlib(core-8d2b1608cb875fc1.core.f23d14389bb034a4-cgu.0.rcgu.o):(.text._RNvMsa_NtCskNqGbxqCcyC_4core3fmtNtB5_9Formatter26debug_struct_field4_finish)
         1001250          1001250        0     1                 .L0 
         1001250          1001250        0     1                 .L0 
         1001250          1001250        0     1                 $x
         1001250          1001250        0     1                 .L0 
         1001250          1001250      106     1                 <core::fmt::Formatter>::debug_struct_field4_finish
         1001282          1001282        0     1                 .L0 
         10012f2          10012f2        0     1                 .L0 
         1001304          1001304        0     1                 .L0 
         1001312          1001312        0     1                 .L0 
         1001318          1001318        0     1                 .Lpcrel_hi444
         1001324          1001324        0     1                 .L0 
         100132a          100132a        0     1                 .Lpcrel_hi445
         1001334          1001334        0     1                 .L0 
         1001356          1001356        0     1                 .L0 
         1001356          1001356      1c0     2         /home/ryoj/.rustup/toolchains/nightly-x86_64-unknown-linux-gnu/lib/rustlib/riscv64gc-unknown-none-elf/lib/libcore-8d2b1608cb875fc1.rlib(core-8d2b1608cb875fc1.core.f23d14389bb034a4-cgu.0.rcgu.o):(.text._RNvMsa_NtCskNqGbxqCcyC_4core3fmtNtB5_9Formatter3pad)
         1001356          1001356        0     1                 .L0 
         1001356          1001356        0     1                 .L0 
         1001356          1001356        0     1                 $x
         1001356          1001356        0     1                 .L0 
         1001356          1001356      1c0     1                 <core::fmt::Formatter>::pad
         1001382          1001382        0     1                 .L0 
         100138a          100138a        0     1                 .L0 
         100138e          100138e        0     1                 .L0 
         1001394          1001394        0     1                 .L0 
         10013a4          10013a4        0     1                 .L0 
         10013ac          10013ac        0     1                 .L0 
         10013b2          10013b2        0     1                 .L0 
         10013c0          10013c0        0     1                 .L0 
         10013c8          10013c8        0     1                 .L0 
         10013cc          10013cc        0     1                 .L0 
         10013d2          10013d2        0     1                 .L0 
         10013d6          10013d6        0     1                 .L0 
         10013da          10013da        0     1                 .L0 
         10013ee          10013ee        0     1                 .L0 
         10013f2          10013f2        0     1                 .L0 
         10013f6          10013f6        0     1                 .L0 
         10013f8          10013f8        0     1                 .L0 
         10013fe          10013fe        0     1                 .L0 
         1001400          1001400        0     1                 .L0 
         1001428          1001428        0     1                 .L0 
         100145a          100145a        0     1                 .L0 
         100146a          100146a        0     1                 .L0 
         1001476          1001476        0     1                 .L0 
         100147a          100147a        0     1                 .L0 
         1001498          1001498        0     1                 .L0 
         10014a0          10014a0        0     1                 .L0 
         10014a4          10014a4        0     1                 .L0 
         10014a6          10014a6        0     1                 .L0 
         10014ac          10014ac        0     1                 .L0 
         10014b0          10014b0        0     1                 .L0 
         10014bc          10014bc        0     1                 .L0 
         10014fa          10014fa        0     1                 .L0 
         1001506          1001506        0     1                 .L0 
         100150a          100150a        0     1                 .L0 
         100150c          100150c        0     1                 .L0 
         1001516          1001516        0     1                 .L0 
         1001516          1001516      1d2     2         /home/ryoj/.rustup/toolchains/nightly-x86_64-unknown-linux-gnu/lib/rustlib/riscv64gc-unknown-none-elf/lib/libcore-8d2b1608cb875fc1.rlib(core-8d2b1608cb875fc1.core.f23d14389bb034a4-cgu.0.rcgu.o):(.text._RNvNtCskNqGbxqCcyC_4core3fmt5write)
         1001516          1001516        0     1                 .L0 
         1001516          1001516        0     1                 .L0 
         1001516          1001516        0     1                 $x
         1001516          1001516        0     1                 .L0 
         1001516          1001516      1d2     1                 core::fmt::write
         1001536          1001536        0     1                 .L0 
         1001540          1001540        0     1                 .L0 
         1001544          1001544        0     1                 .L0 
         1001560          1001560        0     1                 .L0 
         1001568          1001568        0     1                 .L0 
         100156c          100156c        0     1                 .L0 
         1001578          1001578        0     1                 .L0 
         1001582          1001582        0     1                 .L0 
         1001584          1001584        0     1                 .L0 
         100158a          100158a        0     1                 .L0 
         1001592          1001592        0     1                 .L0 
         10015a2          10015a2        0     1                 .L0 
         10015a6          10015a6        0     1                 .L0 
         10015a8          10015a8        0     1                 .L0 
         10015aa          10015aa        0     1                 .L0 
         10015ba          10015ba        0     1                 .L0 
         10015d8          10015d8        0     1                 .L0 
         10015ea          10015ea        0     1                 .L0 
         10015f6          10015f6        0     1                 .L0 
         1001600          1001600        0     1                 .L0 
         100160e          100160e        0     1                 .L0 
         100161a          100161a        0     1                 .L0 
         100161c          100161c        0     1                 .L0 
         100161e          100161e        0     1                 .L0 
         1001620          1001620        0     1                 .L0 
         100162c          100162c        0     1                 .L0 
         100163c          100163c        0     1                 .L0 
         100164a          100164a        0     1                 .L0 
         1001658          1001658        0     1                 .L0 
         100165c          100165c        0     1                 .L0 
         1001660          1001660        0     1                 .L0 
         1001668          1001668        0     1                 .L0 
         100166c          100166c        0     1                 .L0 
         1001680          1001680        0     1                 .L0 
         1001686          1001686        0     1                 .L0 
         100168c          100168c        0     1                 .L0 
         1001690          1001690        0     1                 .L0 
         10016a0          10016a0        0     1                 .L0 
         10016a4          10016a4        0     1                 .L0 
         10016e8          10016e8        0     1                 .L0 
         10016e8          10016e8       10     2         /home/ryoj/.rustup/toolchains/nightly-x86_64-unknown-linux-gnu/lib/rustlib/riscv64gc-unknown-none-elf/lib/libcore-8d2b1608cb875fc1.rlib(core-8d2b1608cb875fc1.core.f23d14389bb034a4-cgu.0.rcgu.o):(.text.unlikely._RNvNtCskNqGbxqCcyC_4core3str16slice_error_fail)
         10016e8          10016e8        0     1                 .L0 
         10016e8          10016e8        0     1                 .L0 
         10016e8          10016e8        0     1                 $x
         10016e8          10016e8        0     1                 .L0 
         10016e8          10016e8       10     1                 core::str::slice_error_fail
         10016f8          10016f8        0     1                 .L0 
         10016f8          10016f8      474     2         /home/ryoj/.rustup/toolchains/nightly-x86_64-unknown-linux-gnu/lib/rustlib/riscv64gc-unknown-none-elf/lib/libcore-8d2b1608cb875fc1.rlib(core-8d2b1608cb875fc1.core.f23d14389bb034a4-cgu.0.rcgu.o):(.text._RNvNtCskNqGbxqCcyC_4core3str19slice_error_fail_rt)
         10016f8          10016f8        0     1                 .L0 
         10016f8          10016f8        0     1                 .L0 
         10016f8          10016f8        0     1                 $x
         10016f8          10016f8        0     1                 .L0 
         10016f8          10016f8      474     1                 core::str::slice_error_fail_rt
         100170c          100170c        0     1                 .L0 
         1001710          1001710        0     1                 .L0 
         1001726          1001726        0     1                 .L0 
         1001738          1001738        0     1                 .L0 
         100174c          100174c        0     1                 .Lpcrel_hi487
         1001770          1001770        0     1                 .L0 
         1001786          1001786        0     1                 .L0 
         100179c          100179c        0     1                 .L0 
         10017b0          10017b0        0     1                 .L0 
         10017cc          10017cc        0     1                 .L0 
         10017d0          10017d0        0     1                 .L0 
         10017d8          10017d8        0     1                 .L0 
         10017dc          10017dc        0     1                 .Lpcrel_hi502
         10017e4          10017e4        0     1                 .Lpcrel_hi503
         100180c          100180c        0     1                 .Lpcrel_hi504
         1001824          1001824        0     1                 .L0 
         1001838          1001838        0     1                 .L0 
         1001854          1001854        0     1                 .L0 
         1001858          1001858        0     1                 .L0 
         1001864          1001864        0     1                 .L0 
         1001866          1001866        0     1                 .L0 
         100187c          100187c        0     1                 .L0 
         100187e          100187e        0     1                 .L0 
         1001894          1001894        0     1                 .L0 
         10018a4          10018a4        0     1                 .L0 
         10018ae          10018ae        0     1                 .L0 
         10018b2          10018b2        0     1                 .L0 
         10018b4          10018b4        0     1                 .L0 
         10018c4          10018c4        0     1                 .L0 
         10018cc          10018cc        0     1                 .L0 
         10018d8          10018d8        0     1                 .L0 
         10018f0          10018f0        0     1                 .L0 
         10018fc          10018fc        0     1                 .L0 
         100190c          100190c        0     1                 .L0 
         1001916          1001916        0     1                 .L0 
         100191a          100191a        0     1                 .L0 
         1001924          1001924        0     1                 .L0 
         100192a          100192a        0     1                 .L0 
         1001930          1001930        0     1                 .L0 
         1001932          1001932        0     1                 .L0 
         1001942          1001942        0     1                 .L0 
         100194a          100194a        0     1                 .L0 
         1001956          1001956        0     1                 .L0 
         100196e          100196e        0     1                 .L0 
         100197a          100197a        0     1                 .L0 
         1001982          1001982        0     1                 .L0 
         100198a          100198a        0     1                 .L0 
         1001990          1001990        0     1                 .L0 
         1001998          1001998        0     1                 .Lpcrel_hi505
         10019a0          10019a0        0     1                 .Lpcrel_hi506
         10019a8          10019a8        0     1                 .Lpcrel_hi507
         10019b0          10019b0        0     1                 .Lpcrel_hi508
         10019f0          10019f0        0     1                 .Lpcrel_hi509
         1001a06          1001a06        0     1                 .L0 
         1001a0c          1001a0c        0     1                 .L0 
         1001a14          1001a14        0     1                 .Lpcrel_hi497
         1001a1c          1001a1c        0     1                 .Lpcrel_hi498
         1001a24          1001a24        0     1                 .Lpcrel_hi499
         1001a2c          1001a2c        0     1                 .Lpcrel_hi500
         1001a6c          1001a6c        0     1                 .Lpcrel_hi501
         1001a86          1001a86        0     1                 .Lpcrel_hi488
         1001a8e          1001a8e        0     1                 .Lpcrel_hi489
         1001ab6          1001ab6        0     1                 .Lpcrel_hi490
         1001ad0          1001ad0        0     1                 .Lpcrel_hi491
         1001ad8          1001ad8        0     1                 .Lpcrel_hi492
         1001b00          1001b00        0     1                 .Lpcrel_hi493
         1001b1a          1001b1a        0     1                 .Lpcrel_hi494
         1001b26          1001b26        0     1                 .Lpcrel_hi495
         1001b56          1001b56        0     1                 .Lpcrel_hi496
         1001b6c          1001b6c        0     1                 .L0 
         1001b6c          1001b6c       1e     2         /home/ryoj/.rustup/toolchains/nightly-x86_64-unknown-linux-gnu/lib/rustlib/riscv64gc-unknown-none-elf/lib/libcore-8d2b1608cb875fc1.rlib(core-8d2b1608cb875fc1.core.f23d14389bb034a4-cgu.0.rcgu.o):(.text.unlikely._RNvNtCskNqGbxqCcyC_4core6option13unwrap_failed)
         1001b6c          1001b6c        0     1                 .L0 
         1001b6c          1001b6c        0     1                 .L0 
         1001b6c          1001b6c        0     1                 $x
         1001b6c          1001b6c        0     1                 .L0 
         1001b6c          1001b6c       1e     1                 core::option::unwrap_failed
         1001b76          1001b76        0     1                 .Lpcrel_hi524
         1001b8a          1001b8a        0     1                 .L0 
         1001b8a          1001b8a       30     2         /home/ryoj/.rustup/toolchains/nightly-x86_64-unknown-linux-gnu/lib/rustlib/riscv64gc-unknown-none-elf/lib/libcore-8d2b1608cb875fc1.rlib(core-8d2b1608cb875fc1.core.f23d14389bb034a4-cgu.0.rcgu.o):(.text.unlikely._RNvNtCskNqGbxqCcyC_4core9panicking18panic_nounwind_fmt)
         1001b8a          1001b8a        0     1                 .L0 
         1001b8a          1001b8a        0     1                 .L0 
         1001b8a          1001b8a        0     1                 $x
         1001b8a          1001b8a        0     1                 .L0 
         1001b8a          1001b8a       30     1                 core::panicking::panic_nounwind_fmt
         1001b9e          1001b9e        0     1                 .L0 
         1001bba          1001bba        0     1                 .L0 
         1001bba          1001bba       14     2         /home/ryoj/.rustup/toolchains/nightly-x86_64-unknown-linux-gnu/lib/rustlib/riscv64gc-unknown-none-elf/lib/libcore-8d2b1608cb875fc1.rlib(core-8d2b1608cb875fc1.core.f23d14389bb034a4-cgu.0.rcgu.o):(.text.unlikely._RNvNtCskNqGbxqCcyC_4core9panicking5panic)
         1001bba          1001bba        0     1                 .L0 
         1001bba          1001bba        0     1                 .L0 
         1001bba          1001bba        0     1                 $x
         1001bba          1001bba        0     1                 .L0 
         1001bba          1001bba       14     1                 core::panicking::panic
         1001bc2          1001bc2        0     1                 .L0 
         1001bce          1001bce        0     1                 .L0 
         1001bce          1001bce       2e     2         /home/ryoj/.rustup/toolchains/nightly-x86_64-unknown-linux-gnu/lib/rustlib/riscv64gc-unknown-none-elf/lib/libcore-8d2b1608cb875fc1.rlib(core-8d2b1608cb875fc1.core.f23d14389bb034a4-cgu.0.rcgu.o):(.text.unlikely._RNvNtCskNqGbxqCcyC_4core9panicking9panic_fmt)
         1001bce          1001bce        0     1                 .L0 
         1001bce          1001bce        0     1                 .L0 
         1001bce          1001bce        0     1                 $x
         1001bce          1001bce        0     1                 .L0 
         1001bce          1001bce       2e     1                 core::panicking::panic_fmt
         1001be4          1001be4        0     1                 .L0 
         1001bfc          1001bfc        0     1                 .L0 
         1001bfc          1001bfc      190     2         /home/ryoj/.rustup/toolchains/nightly-x86_64-unknown-linux-gnu/lib/rustlib/riscv64gc-unknown-none-elf/lib/libcore-8d2b1608cb875fc1.rlib(core-8d2b1608cb875fc1.core.f23d14389bb034a4-cgu.0.rcgu.o):(.text._RNvNtNtCskNqGbxqCcyC_4core3str5count14do_count_chars)
         1001bfc          1001bfc        0     1                 .L0 
         1001bfc          1001bfc        0     1                 .L0 
         1001bfc          1001bfc        0     1                 $x
         1001bfc          1001bfc        0     1                 .L0 
         1001bfc          1001bfc      190     1                 core::str::count::do_count_chars
         1001c02          1001c02        0     1                 .L0 
         1001c10          1001c10        0     1                 .L0 
         1001c12          1001c12        0     1                 .L0 
         1001c1c          1001c1c        0     1                 .L0 
         1001c24          1001c24        0     1                 .L0 
         1001c30          1001c30        0     1                 .L0 
         1001c34          1001c34        0     1                 .L0 
         1001c38          1001c38        0     1                 .L0 
         1001c44          1001c44        0     1                 .L0 
         1001c4e          1001c4e        0     1                 .L0 
         1001c56          1001c56        0     1                 .L0 
         1001c5e          1001c5e        0     1                 .L0 
         1001c74          1001c74        0     1                 .L0 
         1001c7c          1001c7c        0     1                 .L0 
         1001cba          1001cba        0     1                 .L0 
         1001cc8          1001cc8        0     1                 .L0 
         1001ce6          1001ce6        0     1                 .L0 
         1001cec          1001cec        0     1                 .L0 
         1001d00          1001d00        0     1                 .L0 
         1001d2c          1001d2c        0     1                 .L0 
         1001d2e          1001d2e        0     1                 .L0 
         1001d3a          1001d3a        0     1                 .L0 
         1001d3e          1001d3e        0     1                 .L0 
         1001d56          1001d56        0     1                 .L0 
         1001d5c          1001d5c        0     1                 .L0 
         1001d5e          1001d5e        0     1                 .L0 
         1001d6c          1001d6c        0     1                 .L0 
         1001d6e          1001d6e        0     1                 .L0 
         1001d72          1001d72        0     1                 .L0 
         1001d7e          1001d7e        0     1                 .L0 
         1001d8c          1001d8c        0     1                 .L0 
         1001d8c          1001d8c      10c     2         /home/ryoj/.rustup/toolchains/nightly-x86_64-unknown-linux-gnu/lib/rustlib/riscv64gc-unknown-none-elf/lib/libcore-8d2b1608cb875fc1.rlib(core-8d2b1608cb875fc1.core.f23d14389bb034a4-cgu.0.rcgu.o):(.text.unlikely._RNvNtNtCskNqGbxqCcyC_4core5slice5index16slice_index_fail)
         1001d8c          1001d8c        0     1                 .L0 
         1001d8c          1001d8c        0     1                 .L0 
         1001d8c          1001d8c        0     1                 $x
         1001d8c          1001d8c        0     1                 .L0 
         1001d8c          1001d8c      10c     1                 core::slice::index::slice_index_fail
         1001da4          1001da4        0     1                 .Lpcrel_hi601
         1001da4          1001da4        0     1                 .L0 
         1001dc0          1001dc0        0     1                 .Lpcrel_hi602
         1001de6          1001de6        0     1                 .Lpcrel_hi603
         1001de6          1001de6        0     1                 .L0 
         1001e02          1001e02        0     1                 .Lpcrel_hi604
         1001e28          1001e28        0     1                 .Lpcrel_hi607
         1001e28          1001e28        0     1                 .L0 
         1001e44          1001e44        0     1                 .Lpcrel_hi608
         1001e66          1001e66        0     1                 .Lpcrel_hi605
         1001e66          1001e66        0     1                 .L0 
         1001e82          1001e82        0     1                 .Lpcrel_hi606
         1001e98          1001e98        0     1                 .L0 
         1001e98          1001e98      2b4     2         /home/ryoj/.rustup/toolchains/nightly-x86_64-unknown-linux-gnu/lib/rustlib/riscv64gc-unknown-none-elf/lib/libcore-8d2b1608cb875fc1.rlib(core-8d2b1608cb875fc1.core.f23d14389bb034a4-cgu.0.rcgu.o):(.text._RNvNtNtCskNqGbxqCcyC_4core7unicode9printable12is_printable)
         1001e98          1001e98        0     1                 .L0 
         1001e98          1001e98        0     1                 .L0 
         1001e98          1001e98        0     1                 $x
         1001e98          1001e98        0     1                 .L0 
         1001e98          1001e98      2b4     1                 core::unicode::printable::is_printable
         1001ed6          1001ed6        0     1                 .L0 
         1001ede          1001ede        0     1                 .Lpcrel_hi615
         1001ee6          1001ee6        0     1                 .Lpcrel_hi616
         1001f02          1001f02        0     1                 .L0 
         1001f06          1001f06        0     1                 .L0 
         1001f0e          1001f0e        0     1                 .L0 
         1001f10          1001f10        0     1                 .L0 
         1001f18          1001f18        0     1                 .L0 
         1001f20          1001f20        0     1                 .L0 
         1001f22          1001f22        0     1                 .L0 
         1001f2c          1001f2c        0     1                 .L0 
         1001f2e          1001f2e        0     1                 .L0 
         1001f34          1001f34        0     1                 .L0 
         1001f3e          1001f3e        0     1                 .L0 
         1001f46          1001f46        0     1                 .Lpcrel_hi620
         1001f4e          1001f4e        0     1                 .Lpcrel_hi621
         1001f6e          1001f6e        0     1                 .L0 
         1001f72          1001f72        0     1                 .L0 
         1001f7a          1001f7a        0     1                 .L0 
         1001f7c          1001f7c        0     1                 .L0 
         1001f84          1001f84        0     1                 .L0 
         1001f8c          1001f8c        0     1                 .L0 
         1001f8e          1001f8e        0     1                 .L0 
         1001f98          1001f98        0     1                 .L0 
         1001f9a          1001f9a        0     1                 .L0 
         1001fa0          1001fa0        0     1                 .L0 
         1002064          1002064        0     1                 .Lpcrel_hi617
         1002074          1002074        0     1                 .L0 
         100207e          100207e        0     1                 .L0 
         1002082          1002082        0     1                 .L0 
         1002086          1002086        0     1                 .L0 
         100208a          100208a        0     1                 .L0 
         1002092          1002092        0     1                 .L0 
         1002096          1002096        0     1                 .L0 
         1002098          1002098        0     1                 .L0 
         100209c          100209c        0     1                 .L0 
         100209e          100209e        0     1                 .L0 
         10020ae          10020ae        0     1                 .L0 
         10020b0          10020b0        0     1                 .L0 
         10020b6          10020b6        0     1                 .Lpcrel_hi622
         10020d4          10020d4        0     1                 .L0 
         10020d8          10020d8        0     1                 .L0 
         10020dc          10020dc        0     1                 .L0 
         10020e4          10020e4        0     1                 .L0 
         10020e8          10020e8        0     1                 .L0 
         10020ea          10020ea        0     1                 .L0 
         10020ee          10020ee        0     1                 .L0 
         10020f0          10020f0        0     1                 .L0 
         1002100          1002100        0     1                 .L0 
         1002100          1002100        0     1                 .Lpcrel_hi618
         1002116          1002116        0     1                 .L0 
         1002116          1002116        0     1                 .Lpcrel_hi623
         100212c          100212c        0     1                 .L0 
         100212c          100212c        0     1                 .Lpcrel_hi619
         100213c          100213c        0     1                 .L0 
         100213c          100213c        0     1                 .Lpcrel_hi624
         100214c          100214c        0     1                 .L0 
         100214c          100214c        0     1                 .L0 
         100214c          100214c      10a     2         /home/ryoj/.rustup/toolchains/nightly-x86_64-unknown-linux-gnu/lib/rustlib/riscv64gc-unknown-none-elf/lib/libcore-8d2b1608cb875fc1.rlib(core-8d2b1608cb875fc1.core.f23d14389bb034a4-cgu.0.rcgu.o):(.text._RNvNtNtNtCskNqGbxqCcyC_4core7unicode12unicode_data15grapheme_extend11lookup_slow)
         100214c          100214c        0     1                 .L0 
         100214c          100214c        0     1                 .L0 
         100214c          100214c        0     1                 $x
         100214c          100214c        0     1                 .L0 
         100214c          100214c      10a     1                 core::unicode::unicode_data::grapheme_extend::lookup_slow
         100214e          100214e        0     1                 .Lpcrel_hi674
         100214e          100214e        0     1                 .L0 
         100215e          100215e        0     1                 .L0 
         1002162          1002162        0     1                 .L0 
         1002164          1002164        0     1                 .L0 
         1002166          1002166        0     1                 .L0 
         100216a          100216a        0     1                 .L0 
         100216c          100216c        0     1                 .L0 
         1002178          1002178        0     1                 .L0 
         100217c          100217c        0     1                 .L0 
         1002180          1002180        0     1                 .L0 
         1002182          1002182        0     1                 .L0 
         1002184          1002184        0     1                 .L0 
         1002190          1002190        0     1                 .L0 
         1002194          1002194        0     1                 .L0 
         1002198          1002198        0     1                 .L0 
         100219a          100219a        0     1                 .L0 
         100219c          100219c        0     1                 .L0 
         10021a8          10021a8        0     1                 .L0 
         10021ac          10021ac        0     1                 .L0 
         10021b0          10021b0        0     1                 .L0 
         10021b2          10021b2        0     1                 .L0 
         10021b4          10021b4        0     1                 .L0 
         10021b8          10021b8        0     1                 .L0 
         10021c0          10021c0        0     1                 .L0 
         10021c2          10021c2        0     1                 .L0 
         10021c6          10021c6        0     1                 .L0 
         10021c8          10021c8        0     1                 .L0 
         10021ca          10021ca        0     1                 .L0 
         10021ce          10021ce        0     1                 .L0 
         10021d6          10021d6        0     1                 .L0 
         10021d8          10021d8        0     1                 .L0 
         10021e0          10021e0        0     1                 .L0 
         10021f2          10021f2        0     1                 .L0 
         10021f4          10021f4        0     1                 .L0 
         1002202          1002202        0     1                 .L0 
         1002206          1002206        0     1                 .L0 
         100220c          100220c        0     1                 .L0 
         1002214          1002214        0     1                 .L0 
         1002218          1002218        0     1                 .L0 
         100221c          100221c        0     1                 .L0 
         100222c          100222c        0     1                 .L0 
         100222e          100222e        0     1                 .L0 
         1002234          1002234        0     1                 .Lpcrel_hi675
         100224c          100224c        0     1                 .L0 
         1002250          1002250        0     1                 .L0 
         1002256          1002256        0     1                 .L0 
         1002256          1002256       60     2         /home/ryoj/.rustup/toolchains/nightly-x86_64-unknown-linux-gnu/lib/rustlib/riscv64gc-unknown-none-elf/lib/libcore-8d2b1608cb875fc1.rlib(core-8d2b1608cb875fc1.core.f23d14389bb034a4-cgu.0.rcgu.o):(.text._RNvNvMsa_NtCskNqGbxqCcyC_4core3fmtNtB7_9Formatter12pad_integral12write_prefix)
         1002256          1002256       60     1                 <core::fmt::Formatter>::pad_integral::write_prefix
         1002256          1002256        0     1                 .L0 
         1002256          1002256        0     1                 .L0 
         1002256          1002256        0     1                 $x
         1002256          1002256        0     1                 .L0 
         1002282          1002282        0     1                 .L0 
         10022b6          10022b6        0     1                 .L0 
         10022b6          10022b6       6e     2         /home/ryoj/.rustup/toolchains/nightly-x86_64-unknown-linux-gnu/lib/rustlib/riscv64gc-unknown-none-elf/lib/libcore-8d2b1608cb875fc1.rlib(core-8d2b1608cb875fc1.core.f23d14389bb034a4-cgu.0.rcgu.o):(.text._RNvXs0_NtNtCskNqGbxqCcyC_4core3fmt8buildersNtB5_10PadAdapterNtB7_5Write10write_char)
         10022b6          10022b6        0     1                 .L0 
[...]
           173b0            173b0        0     1                 .L0 
           173b0            173b0        0     1                 $d
           173f0            173f0        0     1                 .L0 
           17430            17430        0     1                 .L0 
           17470            17470        0     1                 .L0 
           174b0            174b0        0     1                 .L0 
           174f0            174f0        0     1                 .L0 
           17520            17520        0     1                 .L0 
               0                0    434b4     1 .debug_str
               0                0    434b4     1         <internal>:(.debug_str)
               0                0       93     1 .comment
               0                0       93     1         <internal>:(.comment)
               0                0       74     1 .riscv.attributes
               0                0       74     1         <internal>:(.riscv.attributes)
               0                0      980     8 .debug_frame
               0                0       88     8         /home/ryoj/gitrepos/zoeax/target/riscv64gc-unknown-none-elf/debug/deps/simple-274dc94a78603199.17zvdhuhiqu8dw5lu8ta0mrtn.0viurow.rcgu.o:(.debug_frame)
               0                0        0     1                 .L0 
               0                0        0     1                 $d
              88               88       40     8         /home/ryoj/gitrepos/zoeax/target/riscv64gc-unknown-none-elf/debug/deps/simple-274dc94a78603199.35gdd3fmqvbs3dukumylva0gd.0viurow.rcgu.o:(.debug_frame)
              88               88        0     1                 .L0 
              88               88        0     1                 $d
              c8               c8       38     8         /home/ryoj/gitrepos/zoeax/target/riscv64gc-unknown-none-elf/debug/deps/simple-274dc94a78603199.3exxdlyf7n2ksfim0vym6dauj.0viurow.rcgu.o:(.debug_frame)
              c8               c8        0     1                 .L0 
              c8               c8        0     1                 $d
             100              100       40     8         /home/ryoj/gitrepos/zoeax/target/riscv64gc-unknown-none-elf/debug/deps/simple-274dc94a78603199.8cvm9vvu4v5y1db5xt4yd00tr.0viurow.rcgu.o:(.debug_frame)
             100              100        0     1                 .L0 
             100              100        0     1                 $d
             140              140       40     8         /home/ryoj/gitrepos/zoeax/target/riscv64gc-unknown-none-elf/debug/deps/simple-274dc94a78603199.9m5s00mki3enfye0i14308anu.0viurow.rcgu.o:(.debug_frame)
             140              140        0     1                 .L0 
             140              140        0     1                 $d
             180              180       88     8         /home/ryoj/gitrepos/zoeax/target/riscv64gc-unknown-none-elf/debug/deps/simple-274dc94a78603199.ch011husyvbasthixbk1drw56.0viurow.rcgu.o:(.debug_frame)
             180              180        0     1                 .L0 
             180              180        0     1                 $d
             208              208       40     8         /home/ryoj/gitrepos/zoeax/target/riscv64gc-unknown-none-elf/debug/deps/simple-274dc94a78603199.dmkq5gywbfpsk33z4sx1hy48a.0viurow.rcgu.o:(.debug_frame)
             208              208        0     1                 .L0 
             208              208        0     1                 $d
             248              248       50     8         /home/ryoj/gitrepos/zoeax/target/riscv64gc-unknown-none-elf/debug/deps/simple-274dc94a78603199.e1igcivmd6pagj7swllpfmg6m.0viurow.rcgu.o:(.debug_frame)
             248              248        0     1                 .L0 
             248              248        0     1                 $d
             298              298       68     8         /home/ryoj/gitrepos/zoeax/target/riscv64gc-unknown-none-elf/debug/deps/liblibzoea-6e7130be52f996e3.rlib(libzoea-6e7130be52f996e3.4ygaxdhle8g0d9hmco0nla9vi.1bigtlf.rcgu.o):(.debug_frame)
             298              298        0     1                 .L0 
             298              298        0     1                 $d
             300              300       b0     8         /home/ryoj/gitrepos/zoeax/target/riscv64gc-unknown-none-elf/debug/deps/liblibzoea-6e7130be52f996e3.rlib(libzoea-6e7130be52f996e3.2wm7s53fjhtjd0rqdbxzw3om1.1bigtlf.rcgu.o):(.debug_frame)
             300              300        0     1                 .L0 
             300              300        0     1                 $d
             3b0              3b0       80     8         /home/ryoj/gitrepos/zoeax/target/riscv64gc-unknown-none-elf/debug/deps/liblibzoea-6e7130be52f996e3.rlib(libzoea-6e7130be52f996e3.39to3fli3oififug1lkel1muc.1bigtlf.rcgu.o):(.debug_frame)
             3b0              3b0        0     1                 .L0 
             3b0              3b0        0     1                 $d
             430              430       60     8         /home/ryoj/gitrepos/zoeax/target/riscv64gc-unknown-none-elf/debug/deps/liblibzoea-6e7130be52f996e3.rlib(libzoea-6e7130be52f996e3.41wobh9zqi5iixq2ebz69p3ja.1bigtlf.rcgu.o):(.debug_frame)
             430              430        0     1                 .L0 
             430              430        0     1                 $d
             490              490      2e8     8         /home/ryoj/gitrepos/zoeax/target/riscv64gc-unknown-none-elf/debug/deps/liblibzoea-6e7130be52f996e3.rlib(libzoea-6e7130be52f996e3.084k5bo1rtzo7s47jvchu84k2.1bigtlf.rcgu.o):(.debug_frame)
             490              490        0     1                 .L0 
             490              490        0     1                 $d
             778              778       e0     8         /home/ryoj/gitrepos/zoeax/target/riscv64gc-unknown-none-elf/debug/deps/liblibzoea-6e7130be52f996e3.rlib(libzoea-6e7130be52f996e3.6v6egmhgtxiyoyjsfd655oe27.1bigtlf.rcgu.o):(.debug_frame)
             778              778        0     1                 .L0 
             778              778        0     1                 $d
             858              858       40     8         /home/ryoj/gitrepos/zoeax/target/riscv64gc-unknown-none-elf/debug/deps/liblibzoea-6e7130be52f996e3.rlib(libzoea-6e7130be52f996e3.7vv9ek6yxkwie1ck5snmrfzpv.1bigtlf.rcgu.o):(.debug_frame)
             858              858        0     1                 .L0 
             858              858        0     1                 $d
             898              898       68     8         /home/ryoj/gitrepos/zoeax/target/riscv64gc-unknown-none-elf/debug/deps/liblibzoea-6e7130be52f996e3.rlib(libzoea-6e7130be52f996e3.di9ra9nwk3wy1qix51th15w3a.1bigtlf.rcgu.o):(.debug_frame)
             898              898        0     1                 .L0 
             898              898        0     1                 $d
             900              900       40     8         /home/ryoj/gitrepos/zoeax/target/riscv64gc-unknown-none-elf/debug/deps/liblibzoea-6e7130be52f996e3.rlib(libzoea-6e7130be52f996e3.artzu4498lgf9z4blo7nlh73v.1bigtlf.rcgu.o):(.debug_frame)
             900              900        0     1                 .L0 
             900              900        0     1                 $d
             940              940       40     8         /home/ryoj/gitrepos/zoeax/target/riscv64gc-unknown-none-elf/debug/deps/libshared-588c57315aa3f9de.rlib(shared-588c57315aa3f9de.9e0n7nbb242brqc20w9qmbsc8.02by5p9.rcgu.o):(.debug_frame)
             940              940        0     1                 .L0 
             940              940        0     1                 $d
               0                0    1bdaa     1 .debug_line
               0                0       c1     1         /home/ryoj/gitrepos/zoeax/target/riscv64gc-unknown-none-elf/debug/deps/simple-274dc94a78603199.17zvdhuhiqu8dw5lu8ta0mrtn.0viurow.rcgu.o:(.debug_line)
               0                0        0     1                 .Lline_table_start0
               0                0        0     1                 $d
              c1               c1       99     1         /home/ryoj/gitrepos/zoeax/target/riscv64gc-unknown-none-elf/debug/deps/simple-274dc94a78603199.35gdd3fmqvbs3dukumylva0gd.0viurow.rcgu.o:(.debug_line)
              c1               c1        0     1                 .Lline_table_start0
              c1               c1        0     1                 $d
             15a              15a       8f     1         /home/ryoj/gitrepos/zoeax/target/riscv64gc-unknown-none-elf/debug/deps/simple-274dc94a78603199.3exxdlyf7n2ksfim0vym6dauj.0viurow.rcgu.o:(.debug_line)
             15a              15a        0     1                 .Lline_table_start0
             15a              15a        0     1                 $d
             1e9              1e9       8d     1         /home/ryoj/gitrepos/zoeax/target/riscv64gc-unknown-none-elf/debug/deps/simple-274dc94a78603199.8cvm9vvu4v5y1db5xt4yd00tr.0viurow.rcgu.o:(.debug_line)
             1e9              1e9        0     1                 .Lline_table_start0
             1e9              1e9        0     1                 $d
             276              276       8d     1         /home/ryoj/gitrepos/zoeax/target/riscv64gc-unknown-none-elf/debug/deps/simple-274dc94a78603199.9m5s00mki3enfye0i14308anu.0viurow.rcgu.o:(.debug_line)
             276              276        0     1                 .Lline_table_start0
             276              276        0     1                 $d
             303              303       c6     1         /home/ryoj/gitrepos/zoeax/target/riscv64gc-unknown-none-elf/debug/deps/simple-274dc94a78603199.ch011husyvbasthixbk1drw56.0viurow.rcgu.o:(.debug_line)
             303              303        0     1                 .Lline_table_start0
             303              303        0     1                 $d
             3c9              3c9       52     1         /home/ryoj/gitrepos/zoeax/target/riscv64gc-unknown-none-elf/debug/deps/simple-274dc94a78603199.dmkq5gywbfpsk33z4sx1hy48a.0viurow.rcgu.o:(.debug_line)
             3c9              3c9        0     1                 .Lline_table_start0
             3c9              3c9        0     1                 $d
             41b              41b      10c     1         /home/ryoj/gitrepos/zoeax/target/riscv64gc-unknown-none-elf/debug/deps/simple-274dc94a78603199.e1igcivmd6pagj7swllpfmg6m.0viurow.rcgu.o:(.debug_line)
             41b              41b        0     1                 .Lline_table_start0
             41b              41b        0     1                 $d
             527              527       a0     1         /home/ryoj/gitrepos/zoeax/target/riscv64gc-unknown-none-elf/debug/deps/liblibzoea-6e7130be52f996e3.rlib(libzoea-6e7130be52f996e3.4ygaxdhle8g0d9hmco0nla9vi.1bigtlf.rcgu.o):(.debug_line)
             527              527        0     1                 .Lline_table_start0
             527              527        0     1                 $d
             5c7              5c7      15c     1         /home/ryoj/gitrepos/zoeax/target/riscv64gc-unknown-none-elf/debug/deps/liblibzoea-6e7130be52f996e3.rlib(libzoea-6e7130be52f996e3.2wm7s53fjhtjd0rqdbxzw3om1.1bigtlf.rcgu.o):(.debug_line)
             5c7              5c7        0     1                 .Lline_table_start0
             5c7              5c7        0     1                 $d
             723              723      3c7     1         /home/ryoj/gitrepos/zoeax/target/riscv64gc-unknown-none-elf/debug/deps/liblibzoea-6e7130be52f996e3.rlib(libzoea-6e7130be52f996e3.39to3fli3oififug1lkel1muc.1bigtlf.rcgu.o):(.debug_line)
             723              723        0     1                 .Lline_table_start0
             723              723        0     1                 $d
             aea              aea      222     1         /home/ryoj/gitrepos/zoeax/target/riscv64gc-unknown-none-elf/debug/deps/liblibzoea-6e7130be52f996e3.rlib(libzoea-6e7130be52f996e3.41wobh9zqi5iixq2ebz69p3ja.1bigtlf.rcgu.o):(.debug_line)
             aea              aea        0     1                 .Lline_table_start0
             aea              aea        0     1                 $d
             d0c              d0c      2f2     1         /home/ryoj/gitrepos/zoeax/target/riscv64gc-unknown-none-elf/debug/deps/liblibzoea-6e7130be52f996e3.rlib(libzoea-6e7130be52f996e3.084k5bo1rtzo7s47jvchu84k2.1bigtlf.rcgu.o):(.debug_line)
             d0c              d0c        0     1                 .Lline_table_start0
             d0c              d0c        0     1                 $d
             ffe              ffe      1a1     1         /home/ryoj/gitrepos/zoeax/target/riscv64gc-unknown-none-elf/debug/deps/liblibzoea-6e7130be52f996e3.rlib(libzoea-6e7130be52f996e3.6v6egmhgtxiyoyjsfd655oe27.1bigtlf.rcgu.o):(.debug_line)
             ffe              ffe        0     1                 .Lline_table_start0
             ffe              ffe        0     1                 $d
            119f             119f      17b     1         /home/ryoj/gitrepos/zoeax/target/riscv64gc-unknown-none-elf/debug/deps/liblibzoea-6e7130be52f996e3.rlib(libzoea-6e7130be52f996e3.7vv9ek6yxkwie1ck5snmrfzpv.1bigtlf.rcgu.o):(.debug_line)
            119f             119f        0     1                 .Lline_table_start0
            119f             119f        0     1                 $d
            131a             131a      212     1         /home/ryoj/gitrepos/zoeax/target/riscv64gc-unknown-none-elf/debug/deps/liblibzoea-6e7130be52f996e3.rlib(libzoea-6e7130be52f996e3.di9ra9nwk3wy1qix51th15w3a.1bigtlf.rcgu.o):(.debug_line)
            131a             131a        0     1                 .Lline_table_start0
            131a             131a        0     1                 $d
            152c             152c       d9     1         /home/ryoj/gitrepos/zoeax/target/riscv64gc-unknown-none-elf/debug/deps/liblibzoea-6e7130be52f996e3.rlib(libzoea-6e7130be52f996e3.artzu4498lgf9z4blo7nlh73v.1bigtlf.rcgu.o):(.debug_line)
            152c             152c        0     1                 .Lline_table_start0
            152c             152c        0     1                 $d
            1605             1605      258     1         /home/ryoj/gitrepos/zoeax/target/riscv64gc-unknown-none-elf/debug/deps/libshared-588c57315aa3f9de.rlib(shared-588c57315aa3f9de.9e0n7nbb242brqc20w9qmbsc8.02by5p9.rcgu.o):(.debug_line)
            1605             1605        0     1                 .Lline_table_start0
            1605             1605        0     1                 $d
            185d             185d    18a8d     1         /home/ryoj/.rustup/toolchains/nightly-x86_64-unknown-linux-gnu/lib/rustlib/riscv64gc-unknown-none-elf/lib/libcore-8d2b1608cb875fc1.rlib(core-8d2b1608cb875fc1.core.f23d14389bb034a4-cgu.0.rcgu.o):(.debug_line)
            185d             185d        0     1                 .Lline_table_start0
            185d             185d        0     1                 $d
           1a2ea            1a2ea       e2     1         /home/ryoj/.rustup/toolchains/nightly-x86_64-unknown-linux-gnu/lib/rustlib/riscv64gc-unknown-none-elf/lib/libcompiler_builtins-e2b1c5d0500913d3.rlib(compiler_builtins-e2b1c5d0500913d3.compiler_builtins.16e56879c2fa564d-cgu.107.rcgu.o):(.debug_line)
           1a2ea            1a2ea        0     1                 .Lline_table_start0
           1a2ea            1a2ea        0     1                 $d
           1a3cc            1a3cc      3e1     1         /home/ryoj/.rustup/toolchains/nightly-x86_64-unknown-linux-gnu/lib/rustlib/riscv64gc-unknown-none-elf/lib/libcompiler_builtins-e2b1c5d0500913d3.rlib(compiler_builtins-e2b1c5d0500913d3.compiler_builtins.16e56879c2fa564d-cgu.173.rcgu.o):(.debug_line)
           1a3cc            1a3cc        0     1                 .Lline_table_start0
           1a3cc            1a3cc        0     1                 $d
           1a67b            1a67b        0     1                 .Lline_table_start1
           1a7ad            1a7ad      11c     1         /home/ryoj/.rustup/toolchains/nightly-x86_64-unknown-linux-gnu/lib/rustlib/riscv64gc-unknown-none-elf/lib/libcompiler_builtins-e2b1c5d0500913d3.rlib(compiler_builtins-e2b1c5d0500913d3.compiler_builtins.16e56879c2fa564d-cgu.177.rcgu.o):(.debug_line)
           1a7ad            1a7ad        0     1                 .Lline_table_start0
           1a7ad            1a7ad        0     1                 $d
           1a86e            1a86e        0     1                 .Lline_table_start1
           1a8c9            1a8c9      440     1         /home/ryoj/.rustup/toolchains/nightly-x86_64-unknown-linux-gnu/lib/rustlib/riscv64gc-unknown-none-elf/lib/libcompiler_builtins-e2b1c5d0500913d3.rlib(compiler_builtins-e2b1c5d0500913d3.compiler_builtins.16e56879c2fa564d-cgu.032.rcgu.o):(.debug_line)
           1a8c9            1a8c9        0     1                 .Lline_table_start0
           1a8c9            1a8c9        0     1                 $d
           1ad09            1ad09      2e5     1         /home/ryoj/.rustup/toolchains/nightly-x86_64-unknown-linux-gnu/lib/rustlib/riscv64gc-unknown-none-elf/lib/libcompiler_builtins-e2b1c5d0500913d3.rlib(compiler_builtins-e2b1c5d0500913d3.compiler_builtins.16e56879c2fa564d-cgu.225.rcgu.o):(.debug_line)
           1ad09            1ad09        0     1                 .Lline_table_start0
           1ad09            1ad09        0     1                 $d
           1aee3            1aee3        0     1                 .Lline_table_start1
           1afee            1afee       72     1         /home/ryoj/.rustup/toolchains/nightly-x86_64-unknown-linux-gnu/lib/rustlib/riscv64gc-unknown-none-elf/lib/libcompiler_builtins-e2b1c5d0500913d3.rlib(compiler_builtins-e2b1c5d0500913d3.compiler_builtins.16e56879c2fa564d-cgu.237.rcgu.o):(.debug_line)
           1afee            1afee        0     1                 .Lline_table_start0
           1afee            1afee        0     1                 $d
           1b060            1b060      958     1         /home/ryoj/.rustup/toolchains/nightly-x86_64-unknown-linux-gnu/lib/rustlib/riscv64gc-unknown-none-elf/lib/libcompiler_builtins-e2b1c5d0500913d3.rlib(compiler_builtins-e2b1c5d0500913d3.compiler_builtins.16e56879c2fa564d-cgu.012.rcgu.o):(.debug_line)
           1b060            1b060        0     1                 .Lline_table_start0
           1b060            1b060        0     1                 $d
           1b9b8            1b9b8      3f2     1         /home/ryoj/.rustup/toolchains/nightly-x86_64-unknown-linux-gnu/lib/rustlib/riscv64gc-unknown-none-elf/lib/libcompiler_builtins-e2b1c5d0500913d3.rlib(compiler_builtins-e2b1c5d0500913d3.compiler_builtins.16e56879c2fa564d-cgu.275.rcgu.o):(.debug_line)
           1b9b8            1b9b8        0     1                 .Lline_table_start0
           1b9b8            1b9b8        0     1                 $d
           1bc60            1bc60        0     1                 .Lline_table_start1
               0                0       92     1 .debug_loc
               0                0       92     1         /home/ryoj/gitrepos/zoeax/target/riscv64gc-unknown-none-elf/debug/deps/liblibzoea-6e7130be52f996e3.rlib(libzoea-6e7130be52f996e3.6v6egmhgtxiyoyjsfd655oe27.1bigtlf.rcgu.o):(.debug_loc)
               0                0        0     1                 .L0 
               0                0        0     1                 $d
              49               49        0     1                 .L0 
               0                0    122a0     8 .symtab
               0                0    122a0     8         <internal>:(.symtab)
               0                0       b9     1 .shstrtab
               0                0       b9     1         <internal>:(.shstrtab)
               0                0     5d64     1 .strtab
               0                0     5d64     1         <internal>:(.strtab)
